[1] FAIL window/two-app-switch-v2 tools=[take_screenshot,press_hotkey,take_screenshot,type_text,press_hotkey,take_screenshot,type_text,take_screenshot,press_hotkey,take_screenshot,type_text,press_hotkey,take_screenshot,switch_window,take_screenshot,switch_window,take_screenshot,switch_window,take_screenshot,press_hotkey,take_screenshot] errors=0/0
[2] PASS real/calc-arithmetic-v2 tools=[take_screenshot,click_mouse,take_screenshot,type_text,take_screenshot,type_text,take_screenshot,type_text,take_screenshot,find_text,read_text] errors=0/0
[3] PASS real/edge-tabs-switch-v2 tools=[press_hotkey,take_screenshot,type_text,click_mouse,take_screenshot,press_hotkey,pwsh,take_screenshot,press_hotkey,take_screenshot,switch_tab,take_screenshot,switch_tab,take_screenshot] errors=1/0
[4] FAIL skill/skill-scope-probe tools=[take_screenshot,press_hotkey,take_screenshot,type_text,take_screenshot,click_mouse,take_screenshot,click_mouse,press_hotkey,type_text,take_screenshot] errors=1/0
[5] PASS guard/taskbar-edge-click-v2 tools=[take_screenshot,click_mouse,click_mouse] errors=0/0
[6] PASS setup/final-cleanup-v2 tools=[take_screenshot,pwsh,pwsh,take_screenshot] errors=3/0

==== SUMMARY ====
{
 "total": 6,
 "pass": 4,
 "fail": 2,
 "unknown": 0,
 "byCategory": {
  "window": {
   "total": 1,
   "pass": 0,
   "fail": 1
  },
  "real": {
   "total": 2,
   "pass": 2,
   "fail": 0
  },
  "skill": {
   "total": 1,
   "pass": 0,
   "fail": 1
  },
  "guard": {
   "total": 1,
   "pass": 1,
   "fail": 0
  },
  "setup": {
   "total": 1,
   "pass": 1,
   "fail": 0
  }
 }
}
